C:\Users\xande\eclipse-workspace\1st Project\ims-project\src\test\java\com\qa\ims\services\CustomerServicesTest.java
C:\Users\xande\eclipse-workspace\1st Project\ims-project\src\test\java\com\qa\ims\persistence\dao\CustomerDaoMysqlTest.java
C:\Users\xande\eclipse-workspace\1st Project\ims-project\src\test\java\com\qa\ims\persistence\domain\ItemTest.java
C:\Users\xande\eclipse-workspace\1st Project\ims-project\src\test\java\com\qa\ims\persistence\domain\OrdersTest.java
C:\Users\xande\eclipse-workspace\1st Project\ims-project\src\test\java\com\qa\ims\services\ItemServicesTest.java
C:\Users\xande\eclipse-workspace\1st Project\ims-project\src\test\java\com\qa\ims\persistence\domain\Customer_Test.java
C:\Users\xande\eclipse-workspace\1st Project\ims-project\src\test\java\com\qa\ims\services\OrderServicesTest.java
C:\Users\xande\eclipse-workspace\1st Project\ims-project\src\test\java\com\qa\ims\controller\ItemControllerTest.java
C:\Users\xande\eclipse-workspace\1st Project\ims-project\src\test\java\com\qa\ims\persistence\dao\OrdersDaoMysqlTest.java
C:\Users\xande\eclipse-workspace\1st Project\ims-project\src\test\java\com\qa\ims\persistence\domain\DomainTest.java
C:\Users\xande\eclipse-workspace\1st Project\ims-project\src\test\java\com\qa\ims\controller\OrderControllerTest.java
C:\Users\xande\eclipse-workspace\1st Project\ims-project\src\test\java\com\qa\ims\controller\CustomerControllerTest.java
C:\Users\xande\eclipse-workspace\1st Project\ims-project\src\test\java\com\qa\ims\persistence\dao\ItemDaoMysqlTest.java
