C:\Users\xande\eclipse-workspace\1st Project\ims-project\src\main\java\com\qa\ims\persistence\dao\OrderDaoMysql.java
C:\Users\xande\eclipse-workspace\1st Project\ims-project\src\main\java\com\qa\ims\persistence\domain\Domain.java
C:\Users\xande\eclipse-workspace\1st Project\ims-project\src\main\java\com\qa\ims\Runner.java
C:\Users\xande\eclipse-workspace\1st Project\ims-project\src\main\java\com\qa\ims\persistence\package-info.java
C:\Users\xande\eclipse-workspace\1st Project\ims-project\src\main\java\com\qa\ims\package-info.java
C:\Users\xande\eclipse-workspace\1st Project\ims-project\src\main\java\com\qa\ims\services\package-info.java
C:\Users\xande\eclipse-workspace\1st Project\ims-project\src\main\java\com\qa\ims\utils\Utils.java
C:\Users\xande\eclipse-workspace\1st Project\ims-project\src\main\java\com\qa\ims\persistence\dao\Dao.java
C:\Users\xande\eclipse-workspace\1st Project\ims-project\src\main\java\com\qa\ims\controller\CustomerController.java
C:\Users\xande\eclipse-workspace\1st Project\ims-project\src\main\java\com\qa\ims\controller\ItemController.java
C:\Users\xande\eclipse-workspace\1st Project\ims-project\src\main\java\com\qa\ims\services\ItemServices.java
C:\Users\xande\eclipse-workspace\1st Project\ims-project\src\main\java\com\qa\ims\persistence\dao\CustomerDaoMysql.java
C:\Users\xande\eclipse-workspace\1st Project\ims-project\src\main\java\com\qa\ims\controller\CrudController.java
C:\Users\xande\eclipse-workspace\1st Project\ims-project\src\main\java\com\qa\ims\services\OrderServices.java
C:\Users\xande\eclipse-workspace\1st Project\ims-project\src\main\java\com\qa\ims\persistence\domain\Customer.java
C:\Users\xande\eclipse-workspace\1st Project\ims-project\src\main\java\com\qa\ims\Ims.java
C:\Users\xande\eclipse-workspace\1st Project\ims-project\src\main\java\com\qa\ims\persistence\domain\Items.java
C:\Users\xande\eclipse-workspace\1st Project\ims-project\src\main\java\com\qa\ims\controller\OrderController.java
C:\Users\xande\eclipse-workspace\1st Project\ims-project\src\main\java\com\qa\ims\controller\package-info.java
C:\Users\xande\eclipse-workspace\1st Project\ims-project\src\main\java\com\qa\ims\services\CustomerServices.java
C:\Users\xande\eclipse-workspace\1st Project\ims-project\src\main\java\com\qa\ims\persistence\dao\package-info.java
C:\Users\xande\eclipse-workspace\1st Project\ims-project\src\main\java\com\qa\ims\services\CrudServices.java
C:\Users\xande\eclipse-workspace\1st Project\ims-project\src\main\java\com\qa\ims\utils\package-info.java
C:\Users\xande\eclipse-workspace\1st Project\ims-project\src\main\java\com\qa\ims\persistence\domain\Orders.java
C:\Users\xande\eclipse-workspace\1st Project\ims-project\src\main\java\com\qa\ims\persistence\dao\ItemDaoMysql.java
C:\Users\xande\eclipse-workspace\1st Project\ims-project\src\main\java\com\qa\ims\controller\Action.java
C:\Users\xande\eclipse-workspace\1st Project\ims-project\src\main\java\com\qa\ims\persistence\domain\package-info.java
